PHASE init pid=20354
PHASE log_open ok=1
PHASE db_open bytes=1048576
PHASE db_read xor=0
PHASE db_parse parse_ms=0 h=2728151766
PHASE epg_index bytes=6291456 crc=76c79db1
PHASE epg_text slot=17
PHASE epg_reserve bytes=0
PHASE hub_conn1 ok=1 alive=1
PHASE hub_conn2 ok=1 alive=2
PHASE hub_subscribed alive=2 total=2
PHASE timer_armed ok=1 period_s=30
PHASE ready port=21013 parse_ms=0 sched_crc=76c79db1 hub_ok=2
PHASE steady
PHASE clock_tick slot=17
PHASE clock_tick slot=17
PHASE clock_tick slot=17
PHASE clock_tick slot=17
PHASE clock_tick slot=17
PHASE clock_tick slot=17
PHASE clock_tick slot=17
PHASE clock_tick slot=17
PHASE clock_tick slot=17
PHASE clock_tick slot=17
PHASE clock_tick slot=17
PHASE clock_tick slot=17
PHASE clock_tick slot=17
PHASE clock_tick slot=17
PHASE clock_tick slot=17
PHASE clock_tick slot=17
PHASE clock_tick slot=17
PHASE clock_tick slot=17
PHASE clock_tick slot=17
PHASE clock_tick slot=17
PHASE clock_tick slot=17
PHASE clock_tick slot=17
PHASE clock_tick slot=17
PHASE clock_tick slot=17
PHASE clock_tick slot=17
PHASE clock_tick slot=17
PHASE clock_tick slot=17
PHASE clock_tick slot=18
PHASE clock_tick slot=18
PHASE clock_tick slot=18
PHASE clock_tick slot=18
PHASE clock_tick slot=18
PHASE clock_tick slot=18
PHASE clock_tick slot=18
PHASE clock_tick slot=18
PHASE clock_tick slot=18
PHASE clock_tick slot=18
PHASE clock_tick slot=18
PHASE clock_tick slot=18
PHASE clock_tick slot=18
PHASE clock_tick slot=18
PHASE clock_tick slot=18
PHASE clock_tick slot=18
PHASE clock_tick slot=18
PHASE clock_tick slot=18
PHASE clock_tick slot=18
PHASE clock_tick slot=18
PHASE clock_tick slot=18
PHASE clock_tick slot=18
PHASE clock_tick slot=18
PHASE clock_tick slot=18
PHASE clock_tick slot=18
PHASE clock_tick slot=18
PHASE clock_tick slot=18
PHASE clock_tick slot=18
PHASE clock_tick slot=18
PHASE clock_tick slot=18
PHASE clock_tick slot=18
PHASE clock_tick slot=18
PHASE clock_tick slot=18
PHASE clock_tick slot=18
PHASE clock_tick slot=18
PHASE clock_tick slot=18
PHASE clock_tick slot=18
PHASE clock_tick slot=18
PHASE clock_tick slot=18
PHASE clock_tick slot=18
PHASE clock_tick slot=18
PHASE clock_tick slot=18
PHASE clock_tick slot=18
PHASE clock_tick slot=18
PHASE clock_tick slot=18
PHASE clock_tick slot=18
PHASE clock_tick slot=18
PHASE clock_tick slot=18
PHASE clock_tick slot=18
PHASE clock_tick slot=18
PHASE clock_tick slot=18
PHASE clock_tick slot=18
PHASE clock_tick slot=18
PHASE clock_tick slot=18
PHASE clock_tick slot=18
PHASE clock_tick slot=18
PHASE clock_tick slot=18
PHASE clock_tick slot=18
PHASE clock_tick slot=18
PHASE clock_tick slot=18
PHASE clock_tick slot=19
PHASE clock_tick slot=19
PHASE clock_tick slot=19
PHASE clock_tick slot=19
PHASE clock_tick slot=19
PHASE clock_tick slot=19
PHASE clock_tick slot=19
PHASE clock_tick slot=19
PHASE clock_tick slot=19
PHASE clock_tick slot=19
PHASE clock_tick slot=19
PHASE clock_tick slot=19
PHASE clock_tick slot=19
PHASE clock_tick slot=19
PHASE clock_tick slot=19
PHASE clock_tick slot=19
PHASE clock_tick slot=19
PHASE clock_tick slot=19
PHASE clock_tick slot=19
PHASE clock_tick slot=19
PHASE clock_tick slot=19
PHASE clock_tick slot=19
PHASE clock_tick slot=19
PHASE clock_tick slot=19
PHASE clock_tick slot=19
PHASE clock_tick slot=19
PHASE clock_tick slot=19
PHASE clock_tick slot=19
PHASE clock_tick slot=19
PHASE clock_tick slot=19
PHASE clock_tick slot=19
PHASE clock_tick slot=19
PHASE clock_tick slot=19
PHASE clock_tick slot=19
PHASE clock_tick slot=19
PHASE clock_tick slot=19
PHASE clock_tick slot=19
PHASE clock_tick slot=19
PHASE clock_tick slot=19
PHASE clock_tick slot=19
PHASE clock_tick slot=19
PHASE clock_tick slot=19
PHASE clock_tick slot=19
PHASE clock_tick slot=19
PHASE clock_tick slot=19
PHASE clock_tick slot=19
PHASE clock_tick slot=19
PHASE clock_tick slot=19
PHASE clock_tick slot=19
PHASE clock_tick slot=19
PHASE clock_tick slot=19
PHASE clock_tick slot=19
PHASE clock_tick slot=19
PHASE clock_tick slot=19
PHASE clock_tick slot=19
PHASE clock_tick slot=19
PHASE clock_tick slot=19
PHASE clock_tick slot=19
PHASE clock_tick slot=19
PHASE clock_tick slot=19
PHASE clock_tick slot=20
PHASE clock_tick slot=20
PHASE clock_tick slot=20
PHASE clock_tick slot=20
PHASE clock_tick slot=20
PHASE clock_tick slot=20
PHASE clock_tick slot=20
PHASE clock_tick slot=20
PHASE clock_tick slot=20
PHASE clock_tick slot=20
PHASE clock_tick slot=20
PHASE clock_tick slot=20
PHASE clock_tick slot=20
PHASE clock_tick slot=20
PHASE clock_tick slot=20
PHASE clock_tick slot=20
PHASE clock_tick slot=20
PHASE clock_tick slot=20
PHASE clock_tick slot=20
PHASE clock_tick slot=20
PHASE clock_tick slot=20
PHASE clock_tick slot=20
PHASE clock_tick slot=20
PHASE clock_tick slot=20
PHASE clock_tick slot=20
PHASE clock_tick slot=20
PHASE clock_tick slot=20
PHASE clock_tick slot=20
PHASE clock_tick slot=20
PHASE clock_tick slot=20
PHASE clock_tick slot=20
PHASE clock_tick slot=20
PHASE clock_tick slot=20
PHASE clock_tick slot=20
PHASE clock_tick slot=20
PHASE clock_tick slot=20
PHASE clock_tick slot=20
PHASE clock_tick slot=20
PHASE clock_tick slot=20
PHASE clock_tick slot=20
PHASE clock_tick slot=20
PHASE clock_tick slot=20
PHASE clock_tick slot=20
PHASE clock_tick slot=20
PHASE clock_tick slot=20
PHASE clock_tick slot=20
PHASE clock_tick slot=20
PHASE clock_tick slot=20
PHASE clock_tick slot=20
PHASE clock_tick slot=20
PHASE clock_tick slot=20
PHASE clock_tick slot=20
PHASE clock_tick slot=20
PHASE clock_tick slot=20
PHASE clock_tick slot=20
PHASE clock_tick slot=20
PHASE clock_tick slot=20
PHASE clock_tick slot=20
PHASE clock_tick slot=20
PHASE clock_tick slot=20
PHASE clock_tick slot=21
PHASE clock_tick slot=21
PHASE clock_tick slot=21
PHASE clock_tick slot=21
PHASE clock_tick slot=21
PHASE clock_tick slot=21
PHASE clock_tick slot=21
PHASE clock_tick slot=21
PHASE clock_tick slot=21
PHASE clock_tick slot=21
PHASE clock_tick slot=21
PHASE clock_tick slot=21
PHASE clock_tick slot=21
PHASE clock_tick slot=21
PHASE clock_tick slot=21
PHASE clock_tick slot=21
PHASE clock_tick slot=21
PHASE clock_tick slot=21
PHASE clock_tick slot=21
PHASE clock_tick slot=21
PHASE clock_tick slot=21
PHASE clock_tick slot=21
PHASE clock_tick slot=21
PHASE clock_tick slot=21
PHASE clock_tick slot=21
PHASE clock_tick slot=21
PHASE clock_tick slot=21
PHASE clock_tick slot=21
PHASE clock_tick slot=21
PHASE clock_tick slot=21
PHASE clock_tick slot=21
PHASE clock_tick slot=21
PHASE clock_tick slot=21
PHASE clock_tick slot=21
PHASE clock_tick slot=21
PHASE clock_tick slot=21
PHASE clock_tick slot=21
PHASE clock_tick slot=21
PHASE clock_tick slot=21
PHASE clock_tick slot=21
PHASE clock_tick slot=21
PHASE clock_tick slot=21
PHASE clock_tick slot=21
PHASE clock_tick slot=21
PHASE clock_tick slot=21
PHASE clock_tick slot=21
PHASE clock_tick slot=21
PHASE clock_tick slot=21
PHASE clock_tick slot=21
PHASE clock_tick slot=21
PHASE clock_tick slot=21
PHASE clock_tick slot=21
PHASE clock_tick slot=21
PHASE clock_tick slot=21
PHASE clock_tick slot=21
PHASE clock_tick slot=21
PHASE clock_tick slot=21
PHASE clock_tick slot=21
PHASE clock_tick slot=21
PHASE clock_tick slot=21
PHASE clock_tick slot=22
PHASE clock_tick slot=22
PHASE clock_tick slot=22
PHASE clock_tick slot=22
PHASE clock_tick slot=22
PHASE clock_tick slot=22
PHASE clock_tick slot=22
PHASE clock_tick slot=22
PHASE clock_tick slot=22
PHASE clock_tick slot=22
PHASE clock_tick slot=22
PHASE clock_tick slot=22
PHASE clock_tick slot=22
PHASE clock_tick slot=22
PHASE clock_tick slot=22
PHASE clock_tick slot=22
PHASE clock_tick slot=22
PHASE clock_tick slot=22
PHASE clock_tick slot=22
PHASE clock_tick slot=22
PHASE clock_tick slot=22
PHASE clock_tick slot=22
PHASE clock_tick slot=22
PHASE clock_tick slot=22
PHASE clock_tick slot=22
PHASE clock_tick slot=22
PHASE clock_tick slot=22
PHASE clock_tick slot=22
PHASE clock_tick slot=22
PHASE clock_tick slot=22
PHASE clock_tick slot=22
PHASE clock_tick slot=22
PHASE clock_tick slot=22
PHASE clock_tick slot=22
PHASE clock_tick slot=22
PHASE clock_tick slot=22
PHASE clock_tick slot=22
PHASE clock_tick slot=22
PHASE clock_tick slot=22
PHASE clock_tick slot=22
PHASE clock_tick slot=22
PHASE clock_tick slot=22
PHASE clock_tick slot=22
PHASE clock_tick slot=22
PHASE clock_tick slot=22
PHASE clock_tick slot=22
PHASE clock_tick slot=22
PHASE clock_tick slot=22
PHASE clock_tick slot=22
PHASE clock_tick slot=22
PHASE clock_tick slot=22
PHASE clock_tick slot=22
PHASE clock_tick slot=22
PHASE clock_tick slot=22
PHASE clock_tick slot=22
PHASE clock_tick slot=22
PHASE clock_tick slot=22
PHASE clock_tick slot=22
PHASE clock_tick slot=22
PHASE clock_tick slot=22
PHASE clock_tick slot=23
PHASE clock_tick slot=23
PHASE clock_tick slot=23
PHASE clock_tick slot=23
PHASE clock_tick slot=23
PHASE clock_tick slot=23
PHASE clock_tick slot=23
PHASE clock_tick slot=23
PHASE clock_tick slot=23
PHASE clock_tick slot=23
PHASE clock_tick slot=23
PHASE clock_tick slot=23
PHASE clock_tick slot=23
PHASE clock_tick slot=23
PHASE clock_tick slot=23
PHASE clock_tick slot=23
PHASE clock_tick slot=23
PHASE clock_tick slot=23
PHASE clock_tick slot=23
PHASE clock_tick slot=23
PHASE clock_tick slot=23
PHASE clock_tick slot=23
PHASE clock_tick slot=23
PHASE clock_tick slot=23
PHASE clock_tick slot=23
PHASE clock_tick slot=23
PHASE clock_tick slot=23
PHASE clock_tick slot=23
PHASE clock_tick slot=23
PHASE clock_tick slot=23
PHASE clock_tick slot=23
PHASE clock_tick slot=23
PHASE clock_tick slot=23
PHASE clock_tick slot=23
PHASE clock_tick slot=23
PHASE clock_tick slot=23
PHASE clock_tick slot=23
PHASE clock_tick slot=23
PHASE clock_tick slot=23
PHASE clock_tick slot=23
PHASE clock_tick slot=23
PHASE clock_tick slot=23
PHASE clock_tick slot=23
PHASE clock_tick slot=23
PHASE clock_tick slot=23
PHASE clock_tick slot=23
PHASE clock_tick slot=23
PHASE clock_tick slot=23
PHASE clock_tick slot=23
PHASE clock_tick slot=23
PHASE clock_tick slot=23
PHASE clock_tick slot=23
PHASE clock_tick slot=23
PHASE clock_tick slot=23
PHASE clock_tick slot=23
PHASE clock_tick slot=23
PHASE clock_tick slot=23
PHASE clock_tick slot=23
PHASE clock_tick slot=23
PHASE clock_tick slot=23
PHASE clock_tick slot=24
PHASE clock_tick slot=24
PHASE clock_tick slot=24
PHASE clock_tick slot=24
PHASE clock_tick slot=24
PHASE clock_tick slot=24
PHASE clock_tick slot=24
PHASE clock_tick slot=24
PHASE clock_tick slot=24
PHASE clock_tick slot=24
PHASE clock_tick slot=24
PHASE clock_tick slot=24
PHASE clock_tick slot=24
PHASE clock_tick slot=24
PHASE clock_tick slot=24
PHASE clock_tick slot=24
PHASE clock_tick slot=24
PHASE clock_tick slot=24
PHASE clock_tick slot=24
PHASE clock_tick slot=24
PHASE clock_tick slot=24
PHASE clock_tick slot=24
PHASE clock_tick slot=24
PHASE clock_tick slot=24
PHASE clock_tick slot=24
PHASE clock_tick slot=24
PHASE clock_tick slot=24
PHASE clock_tick slot=24
PHASE clock_tick slot=24
PHASE clock_tick slot=24
PHASE clock_tick slot=24
PHASE clock_tick slot=24
PHASE clock_tick slot=24
PHASE clock_tick slot=24
PHASE clock_tick slot=24
PHASE clock_tick slot=24
PHASE clock_tick slot=24
PHASE clock_tick slot=24
PHASE clock_tick slot=24
PHASE clock_tick slot=24
PHASE clock_tick slot=24
PHASE clock_tick slot=24
PHASE clock_tick slot=24
PHASE clock_tick slot=24
PHASE clock_tick slot=24
PHASE clock_tick slot=24
PHASE clock_tick slot=24
PHASE clock_tick slot=24
PHASE clock_tick slot=24
PHASE clock_tick slot=24
PHASE clock_tick slot=24
PHASE clock_tick slot=24
PHASE clock_tick slot=24
PHASE clock_tick slot=24
PHASE clock_tick slot=24
PHASE clock_tick slot=24
PHASE clock_tick slot=24
PHASE clock_tick slot=24
PHASE clock_tick slot=24
PHASE clock_tick slot=24
PHASE clock_tick slot=25
PHASE clock_tick slot=25
PHASE clock_tick slot=25
PHASE clock_tick slot=25
PHASE clock_tick slot=25
PHASE clock_tick slot=25
PHASE clock_tick slot=25
PHASE clock_tick slot=25
PHASE clock_tick slot=25
PHASE clock_tick slot=25
PHASE clock_tick slot=25
PHASE clock_tick slot=25
PHASE clock_tick slot=25
PHASE clock_tick slot=25
PHASE clock_tick slot=25
PHASE clock_tick slot=25
PHASE clock_tick slot=25
PHASE clock_tick slot=25
PHASE clock_tick slot=25
PHASE clock_tick slot=25
PHASE clock_tick slot=25
PHASE clock_tick slot=25
PHASE clock_tick slot=25
PHASE clock_tick slot=25
PHASE clock_tick slot=25
PHASE clock_tick slot=25
PHASE clock_tick slot=25
PHASE clock_tick slot=25
PHASE clock_tick slot=25
PHASE clock_tick slot=25
PHASE clock_tick slot=25
PHASE clock_tick slot=25
PHASE clock_tick slot=25
PHASE clock_tick slot=25
PHASE clock_tick slot=25
PHASE clock_tick slot=25
PHASE clock_tick slot=25
PHASE clock_tick slot=25
PHASE clock_tick slot=25
PHASE clock_tick slot=25
PHASE clock_tick slot=25
PHASE clock_tick slot=25
PHASE clock_tick slot=25
PHASE clock_tick slot=25
PHASE clock_tick slot=25
PHASE clock_tick slot=25
PHASE clock_tick slot=25
PHASE clock_tick slot=25
PHASE clock_tick slot=25
PHASE clock_tick slot=25
PHASE clock_tick slot=25
PHASE clock_tick slot=25
PHASE clock_tick slot=25
PHASE clock_tick slot=25
PHASE clock_tick slot=25
PHASE clock_tick slot=25
PHASE clock_tick slot=25
PHASE clock_tick slot=25
PHASE clock_tick slot=25
PHASE clock_tick slot=25
PHASE clock_tick slot=26
PHASE clock_tick slot=26
PHASE clock_tick slot=26
PHASE clock_tick slot=26
PHASE clock_tick slot=26
PHASE clock_tick slot=26
PHASE clock_tick slot=26
PHASE clock_tick slot=26
PHASE clock_tick slot=26
PHASE clock_tick slot=26
PHASE clock_tick slot=26
PHASE clock_tick slot=26
PHASE clock_tick slot=26
PHASE clock_tick slot=26
PHASE clock_tick slot=26
PHASE clock_tick slot=26
PHASE clock_tick slot=26
PHASE clock_tick slot=26
PHASE clock_tick slot=26
PHASE clock_tick slot=26
PHASE clock_tick slot=26
PHASE clock_tick slot=26
PHASE clock_tick slot=26
PHASE clock_tick slot=26
PHASE clock_tick slot=26
PHASE clock_tick slot=26
PHASE clock_tick slot=26
PHASE clock_tick slot=26
PHASE clock_tick slot=26
PHASE clock_tick slot=26
PHASE clock_tick slot=26
PHASE clock_tick slot=26
PHASE clock_tick slot=26
PHASE clock_tick slot=26
PHASE clock_tick slot=26
PHASE clock_tick slot=26
PHASE clock_tick slot=26
PHASE clock_tick slot=26
PHASE clock_tick slot=26
PHASE clock_tick slot=26
PHASE clock_tick slot=26
PHASE clock_tick slot=26
PHASE clock_tick slot=26
PHASE clock_tick slot=26
PHASE clock_tick slot=26
PHASE clock_tick slot=26
PHASE clock_tick slot=26
PHASE clock_tick slot=26
PHASE clock_tick slot=26
PHASE clock_tick slot=26
PHASE clock_tick slot=26
PHASE clock_tick slot=26
PHASE clock_tick slot=26
PHASE clock_tick slot=26
PHASE clock_tick slot=26
PHASE clock_tick slot=26
PHASE clock_tick slot=26
PHASE clock_tick slot=26
PHASE clock_tick slot=26
PHASE clock_tick slot=26
PHASE clock_tick slot=27
PHASE clock_tick slot=27
PHASE clock_tick slot=27
PHASE clock_tick slot=27
PHASE clock_tick slot=27
PHASE clock_tick slot=27
PHASE clock_tick slot=27
PHASE clock_tick slot=27
PHASE clock_tick slot=27
PHASE clock_tick slot=27
PHASE clock_tick slot=27
PHASE clock_tick slot=27
PHASE clock_tick slot=27
PHASE clock_tick slot=27
PHASE clock_tick slot=27
PHASE clock_tick slot=27
PHASE clock_tick slot=27
PHASE clock_tick slot=27
PHASE clock_tick slot=27
PHASE clock_tick slot=27
PHASE clock_tick slot=27
PHASE clock_tick slot=27
PHASE clock_tick slot=27
PHASE clock_tick slot=27
PHASE clock_tick slot=27
PHASE clock_tick slot=27
PHASE clock_tick slot=27
PHASE clock_tick slot=27
PHASE clock_tick slot=27
PHASE clock_tick slot=27
PHASE clock_tick slot=27
PHASE clock_tick slot=27
PHASE clock_tick slot=27
PHASE clock_tick slot=27
PHASE clock_tick slot=27
PHASE clock_tick slot=27
PHASE clock_tick slot=27
PHASE clock_tick slot=27
PHASE clock_tick slot=27
PHASE clock_tick slot=27
PHASE clock_tick slot=27
PHASE clock_tick slot=27
PHASE clock_tick slot=27
PHASE clock_tick slot=27
PHASE clock_tick slot=27
PHASE clock_tick slot=27
PHASE clock_tick slot=27
PHASE clock_tick slot=27
PHASE clock_tick slot=27
PHASE clock_tick slot=27
PHASE clock_tick slot=27
PHASE clock_tick slot=27
PHASE clock_tick slot=27
PHASE clock_tick slot=27
PHASE clock_tick slot=27
PHASE clock_tick slot=27
PHASE clock_tick slot=27
PHASE clock_tick slot=27
PHASE clock_tick slot=27
PHASE clock_tick slot=27
PHASE clock_tick slot=28
PHASE clock_tick slot=28
PHASE clock_tick slot=28
PHASE clock_tick slot=28
PHASE clock_tick slot=28
PHASE clock_tick slot=28
PHASE clock_tick slot=28
PHASE clock_tick slot=28
PHASE clock_tick slot=28
PHASE clock_tick slot=28
PHASE clock_tick slot=28
PHASE clock_tick slot=28
PHASE clock_tick slot=28
PHASE clock_tick slot=28
PHASE clock_tick slot=28
PHASE clock_tick slot=28
PHASE clock_tick slot=28
PHASE clock_tick slot=28
PHASE clock_tick slot=28
PHASE clock_tick slot=28
PHASE clock_tick slot=28
PHASE clock_tick slot=28
PHASE clock_tick slot=28
PHASE clock_tick slot=28
PHASE clock_tick slot=28
PHASE clock_tick slot=28
PHASE clock_tick slot=28
PHASE clock_tick slot=28
PHASE clock_tick slot=28
PHASE clock_tick slot=28
PHASE clock_tick slot=28
PHASE clock_tick slot=28
PHASE clock_tick slot=28
PHASE clock_tick slot=28
PHASE clock_tick slot=28
PHASE clock_tick slot=28
PHASE clock_tick slot=28
PHASE clock_tick slot=28
PHASE clock_tick slot=28
PHASE clock_tick slot=28
PHASE clock_tick slot=28
PHASE clock_tick slot=28
PHASE clock_tick slot=28
PHASE clock_tick slot=28
PHASE clock_tick slot=28
PHASE clock_tick slot=28
PHASE clock_tick slot=28
PHASE clock_tick slot=28
PHASE clock_tick slot=28
PHASE clock_tick slot=28
PHASE clock_tick slot=28
PHASE clock_tick slot=28
PHASE clock_tick slot=28
PHASE clock_tick slot=28
PHASE clock_tick slot=28
PHASE clock_tick slot=28
PHASE clock_tick slot=28
PHASE clock_tick slot=28
PHASE clock_tick slot=28
PHASE clock_tick slot=28
PHASE clock_tick slot=29
PHASE clock_tick slot=29
PHASE clock_tick slot=29
PHASE clock_tick slot=29
PHASE clock_tick slot=29
PHASE clock_tick slot=29
PHASE clock_tick slot=29
PHASE clock_tick slot=29
PHASE clock_tick slot=29
PHASE clock_tick slot=29
PHASE clock_tick slot=29
PHASE clock_tick slot=29
PHASE clock_tick slot=29
PHASE clock_tick slot=29
PHASE clock_tick slot=29
PHASE clock_tick slot=29
PHASE clock_tick slot=29
PHASE clock_tick slot=29
PHASE clock_tick slot=29
PHASE clock_tick slot=29
PHASE clock_tick slot=29
PHASE clock_tick slot=29
PHASE clock_tick slot=29
PHASE clock_tick slot=29
PHASE clock_tick slot=29
PHASE clock_tick slot=29
PHASE clock_tick slot=29
PHASE clock_tick slot=29
PHASE clock_tick slot=29
PHASE clock_tick slot=29
PHASE clock_tick slot=29
PHASE clock_tick slot=29
PHASE clock_tick slot=29
PHASE clock_tick slot=29
PHASE clock_tick slot=29
PHASE clock_tick slot=29
PHASE clock_tick slot=29
PHASE clock_tick slot=29
PHASE clock_tick slot=29
PHASE clock_tick slot=29
PHASE clock_tick slot=29
PHASE clock_tick slot=29
PHASE clock_tick slot=29
PHASE clock_tick slot=29
PHASE clock_tick slot=29
PHASE clock_tick slot=29
PHASE clock_tick slot=29
PHASE clock_tick slot=29
PHASE clock_tick slot=29
PHASE clock_tick slot=29
PHASE clock_tick slot=29
PHASE clock_tick slot=29
PHASE clock_tick slot=29
PHASE clock_tick slot=29
PHASE clock_tick slot=29
PHASE clock_tick slot=29
PHASE clock_tick slot=29
PHASE clock_tick slot=29
PHASE clock_tick slot=29
PHASE clock_tick slot=29
PHASE clock_tick slot=30
PHASE clock_tick slot=30
PHASE clock_tick slot=30
PHASE clock_tick slot=30
PHASE clock_tick slot=30
PHASE clock_tick slot=30
PHASE clock_tick slot=30
PHASE clock_tick slot=30
PHASE clock_tick slot=30
PHASE clock_tick slot=30
PHASE clock_tick slot=30
PHASE clock_tick slot=30
PHASE clock_tick slot=30
PHASE clock_tick slot=30
PHASE clock_tick slot=30
PHASE clock_tick slot=30
PHASE clock_tick slot=30
PHASE clock_tick slot=30
PHASE clock_tick slot=30
PHASE clock_tick slot=30
PHASE clock_tick slot=30
PHASE clock_tick slot=30
PHASE clock_tick slot=30
PHASE clock_tick slot=30
PHASE clock_tick slot=30
PHASE clock_tick slot=30
PHASE clock_tick slot=30
PHASE clock_tick slot=30
PHASE clock_tick slot=30
PHASE clock_tick slot=30
PHASE clock_tick slot=30
PHASE clock_tick slot=30
PHASE clock_tick slot=30
PHASE clock_tick slot=30
PHASE clock_tick slot=30
PHASE clock_tick slot=30
PHASE clock_tick slot=30
PHASE clock_tick slot=30
PHASE clock_tick slot=30
PHASE clock_tick slot=30
PHASE clock_tick slot=30
PHASE clock_tick slot=30
PHASE clock_tick slot=30
PHASE clock_tick slot=30
PHASE clock_tick slot=30
PHASE clock_tick slot=30
PHASE clock_tick slot=30
PHASE clock_tick slot=30
PHASE clock_tick slot=30
PHASE clock_tick slot=30
PHASE clock_tick slot=30
PHASE clock_tick slot=30
PHASE clock_tick slot=30
PHASE clock_tick slot=30
PHASE clock_tick slot=30
PHASE clock_tick slot=30
PHASE clock_tick slot=30
PHASE clock_tick slot=30
PHASE clock_tick slot=30
PHASE clock_tick slot=30
PHASE clock_tick slot=31
PHASE clock_tick slot=31
PHASE clock_tick slot=31
PHASE clock_tick slot=31
PHASE clock_tick slot=31
PHASE clock_tick slot=31
PHASE clock_tick slot=31
PHASE clock_tick slot=31
PHASE clock_tick slot=31
PHASE clock_tick slot=31
PHASE clock_tick slot=31
PHASE clock_tick slot=31
PHASE clock_tick slot=31
PHASE clock_tick slot=31
PHASE clock_tick slot=31
PHASE clock_tick slot=31
PHASE clock_tick slot=31
PHASE clock_tick slot=31
PHASE clock_tick slot=31
PHASE clock_tick slot=31
PHASE clock_tick slot=31
PHASE clock_tick slot=31
PHASE clock_tick slot=31
PHASE clock_tick slot=31
PHASE clock_tick slot=31
PHASE clock_tick slot=31
PHASE clock_tick slot=31
PHASE clock_tick slot=31
PHASE clock_tick slot=31
PHASE clock_tick slot=31
PHASE clock_tick slot=31
PHASE clock_tick slot=31
PHASE clock_tick slot=31
PHASE clock_tick slot=31
PHASE clock_tick slot=31
PHASE clock_tick slot=31
PHASE clock_tick slot=31
PHASE clock_tick slot=31
PHASE clock_tick slot=31
PHASE clock_tick slot=31
PHASE clock_tick slot=31
PHASE clock_tick slot=31
PHASE clock_tick slot=31
PHASE clock_tick slot=31
PHASE clock_tick slot=31
PHASE clock_tick slot=31
PHASE clock_tick slot=31
PHASE clock_tick slot=31
PHASE clock_tick slot=31
PHASE clock_tick slot=31
PHASE clock_tick slot=31
PHASE clock_tick slot=31
PHASE clock_tick slot=31
PHASE clock_tick slot=31
PHASE clock_tick slot=31
PHASE clock_tick slot=31
PHASE clock_tick slot=31
PHASE clock_tick slot=31
PHASE clock_tick slot=31
PHASE clock_tick slot=31
PHASE clock_tick slot=32
PHASE clock_tick slot=32
PHASE clock_tick slot=32
PHASE clock_tick slot=32
PHASE clock_tick slot=32
PHASE clock_tick slot=32
PHASE clock_tick slot=32
PHASE clock_tick slot=32
PHASE clock_tick slot=32
PHASE clock_tick slot=32
PHASE clock_tick slot=32
PHASE clock_tick slot=32
PHASE clock_tick slot=32
PHASE clock_tick slot=32
PHASE clock_tick slot=32
PHASE clock_tick slot=32
PHASE clock_tick slot=32
PHASE clock_tick slot=32
PHASE clock_tick slot=32
PHASE clock_tick slot=32
PHASE clock_tick slot=32
PHASE clock_tick slot=32
PHASE clock_tick slot=32
PHASE clock_tick slot=32
PHASE clock_tick slot=32
PHASE clock_tick slot=32
PHASE clock_tick slot=32
PHASE clock_tick slot=32
PHASE clock_tick slot=32
PHASE clock_tick slot=32
PHASE clock_tick slot=32
PHASE clock_tick slot=32
PHASE clock_tick slot=32
PHASE clock_tick slot=32
PHASE clock_tick slot=32
PHASE clock_tick slot=32
PHASE clock_tick slot=32
PHASE clock_tick slot=32
PHASE clock_tick slot=32
PHASE clock_tick slot=32
PHASE clock_tick slot=32
PHASE clock_tick slot=32
PHASE clock_tick slot=32
PHASE clock_tick slot=32
PHASE clock_tick slot=32
PHASE clock_tick slot=32
PHASE clock_tick slot=32
PHASE clock_tick slot=32
PHASE clock_tick slot=32
PHASE clock_tick slot=32
PHASE clock_tick slot=32
PHASE clock_tick slot=32
PHASE clock_tick slot=32
PHASE clock_tick slot=32
PHASE clock_tick slot=32
PHASE clock_tick slot=32
PHASE clock_tick slot=32
PHASE clock_tick slot=32
PHASE clock_tick slot=32
PHASE clock_tick slot=32
PHASE clock_tick slot=33
PHASE clock_tick slot=33
PHASE clock_tick slot=33
PHASE clock_tick slot=33
PHASE clock_tick slot=33
PHASE clock_tick slot=33
PHASE clock_tick slot=33
PHASE clock_tick slot=33
PHASE clock_tick slot=33
PHASE clock_tick slot=33
PHASE clock_tick slot=33
PHASE clock_tick slot=33
PHASE clock_tick slot=33
PHASE clock_tick slot=33
PHASE clock_tick slot=33
PHASE clock_tick slot=33
PHASE clock_tick slot=33
PHASE clock_tick slot=33
PHASE clock_tick slot=33
PHASE clock_tick slot=33
PHASE clock_tick slot=33
PHASE clock_tick slot=33
PHASE clock_tick slot=33
PHASE clock_tick slot=33
PHASE clock_tick slot=33
PHASE clock_tick slot=33
PHASE clock_tick slot=33
PHASE clock_tick slot=33
PHASE clock_tick slot=33
PHASE clock_tick slot=33
PHASE clock_tick slot=33
PHASE clock_tick slot=33
PHASE clock_tick slot=33
PHASE clock_tick slot=33
PHASE clock_tick slot=33
PHASE clock_tick slot=33
PHASE clock_tick slot=33
PHASE clock_tick slot=33
PHASE clock_tick slot=33
PHASE clock_tick slot=33
PHASE clock_tick slot=33
PHASE clock_tick slot=33
PHASE clock_tick slot=33
PHASE clock_tick slot=33
PHASE clock_tick slot=33
PHASE clock_tick slot=33
PHASE clock_tick slot=33
PHASE clock_tick slot=33
PHASE clock_tick slot=33
PHASE clock_tick slot=33
PHASE clock_tick slot=33
PHASE clock_tick slot=33
PHASE clock_tick slot=33
PHASE clock_tick slot=33
PHASE clock_tick slot=33
PHASE clock_tick slot=33
PHASE clock_tick slot=33
PHASE clock_tick slot=33
PHASE clock_tick slot=33
PHASE clock_tick slot=33
PHASE clock_tick slot=34
PHASE clock_tick slot=34
PHASE clock_tick slot=34
PHASE clock_tick slot=34
PHASE clock_tick slot=34
PHASE clock_tick slot=34
PHASE clock_tick slot=34
PHASE clock_tick slot=34
PHASE clock_tick slot=34
PHASE clock_tick slot=34
PHASE clock_tick slot=34
PHASE clock_tick slot=34
PHASE clock_tick slot=34
PHASE clock_tick slot=34
PHASE clock_tick slot=34
PHASE clock_tick slot=34
PHASE clock_tick slot=34
PHASE clock_tick slot=34
PHASE clock_tick slot=34
PHASE clock_tick slot=34
PHASE clock_tick slot=34
PHASE clock_tick slot=34
PHASE clock_tick slot=34
PHASE clock_tick slot=34
PHASE clock_tick slot=34
PHASE clock_tick slot=34
PHASE clock_tick slot=34
PHASE clock_tick slot=34
PHASE clock_tick slot=34
PHASE clock_tick slot=34
PHASE clock_tick slot=34
PHASE clock_tick slot=34
PHASE clock_tick slot=34
PHASE clock_tick slot=34
PHASE clock_tick slot=34
PHASE clock_tick slot=34
PHASE clock_tick slot=34
PHASE clock_tick slot=34
PHASE clock_tick slot=34
PHASE clock_tick slot=34
PHASE clock_tick slot=34
PHASE clock_tick slot=34
PHASE clock_tick slot=34
PHASE clock_tick slot=34
PHASE clock_tick slot=34
PHASE clock_tick slot=34
PHASE clock_tick slot=34
PHASE clock_tick slot=34
PHASE clock_tick slot=34
PHASE clock_tick slot=34
PHASE clock_tick slot=34
PHASE clock_tick slot=34
PHASE clock_tick slot=34
PHASE clock_tick slot=34
PHASE clock_tick slot=34
PHASE clock_tick slot=34
PHASE clock_tick slot=34
PHASE clock_tick slot=34
PHASE clock_tick slot=34
PHASE clock_tick slot=34
PHASE clock_tick slot=35
PHASE clock_tick slot=35
PHASE clock_tick slot=35
PHASE clock_tick slot=35
PHASE clock_tick slot=35
PHASE clock_tick slot=35
PHASE clock_tick slot=35
PHASE clock_tick slot=35
PHASE clock_tick slot=35
PHASE clock_tick slot=35
PHASE clock_tick slot=35
PHASE clock_tick slot=35
PHASE clock_tick slot=35
PHASE clock_tick slot=35
PHASE clock_tick slot=35
PHASE clock_tick slot=35
PHASE clock_tick slot=35
PHASE clock_tick slot=35
PHASE clock_tick slot=35
PHASE clock_tick slot=35
PHASE clock_tick slot=35
PHASE clock_tick slot=35
PHASE clock_tick slot=35
PHASE clock_tick slot=35
PHASE clock_tick slot=35
PHASE clock_tick slot=35
PHASE clock_tick slot=35
PHASE clock_tick slot=35
PHASE clock_tick slot=35
PHASE clock_tick slot=35
PHASE clock_tick slot=35
PHASE clock_tick slot=35
PHASE clock_tick slot=35
PHASE clock_tick slot=35
PHASE clock_tick slot=35
PHASE clock_tick slot=35
PHASE clock_tick slot=35
PHASE clock_tick slot=35
PHASE clock_tick slot=35
PHASE clock_tick slot=35
PHASE clock_tick slot=35
PHASE clock_tick slot=35
PHASE clock_tick slot=35
PHASE clock_tick slot=35
PHASE clock_tick slot=35
PHASE clock_tick slot=35
PHASE clock_tick slot=35
PHASE clock_tick slot=35
PHASE clock_tick slot=35
PHASE clock_tick slot=35
PHASE clock_tick slot=35
PHASE clock_tick slot=35
PHASE clock_tick slot=35
PHASE clock_tick slot=35
PHASE clock_tick slot=35
PHASE clock_tick slot=35
PHASE clock_tick slot=35
PHASE clock_tick slot=35
PHASE clock_tick slot=35
PHASE clock_tick slot=35
PHASE clock_tick slot=36
PHASE clock_tick slot=36
PHASE clock_tick slot=36
PHASE clock_tick slot=36
PHASE clock_tick slot=36
PHASE clock_tick slot=36
PHASE clock_tick slot=36
PHASE clock_tick slot=36
PHASE clock_tick slot=36
PHASE clock_tick slot=36
PHASE clock_tick slot=36
PHASE clock_tick slot=36
PHASE clock_tick slot=36
PHASE clock_tick slot=36
PHASE clock_tick slot=36
PHASE clock_tick slot=36
PHASE clock_tick slot=36
PHASE clock_tick slot=36
PHASE clock_tick slot=36
PHASE clock_tick slot=36
PHASE clock_tick slot=36
PHASE clock_tick slot=36
PHASE clock_tick slot=36
PHASE clock_tick slot=36
PHASE clock_tick slot=36
PHASE clock_tick slot=36
PHASE clock_tick slot=36
PHASE clock_tick slot=36
PHASE clock_tick slot=36
PHASE clock_tick slot=36
PHASE clock_tick slot=36
PHASE clock_tick slot=36
PHASE clock_tick slot=36
PHASE clock_tick slot=36
PHASE clock_tick slot=36
PHASE clock_tick slot=36
PHASE clock_tick slot=36
PHASE clock_tick slot=36
PHASE clock_tick slot=36
PHASE clock_tick slot=36
PHASE clock_tick slot=36
PHASE clock_tick slot=36
PHASE clock_tick slot=36
PHASE clock_tick slot=36
PHASE clock_tick slot=36
PHASE clock_tick slot=36
PHASE clock_tick slot=36
PHASE clock_tick slot=36
PHASE clock_tick slot=36
PHASE clock_tick slot=36
PHASE clock_tick slot=36
PHASE clock_tick slot=36
PHASE clock_tick slot=36
PHASE clock_tick slot=36
PHASE clock_tick slot=36
PHASE clock_tick slot=36
PHASE clock_tick slot=36
PHASE clock_tick slot=36
PHASE clock_tick slot=36
PHASE clock_tick slot=36
PHASE clock_tick slot=37
PHASE clock_tick slot=37
PHASE clock_tick slot=37
PHASE clock_tick slot=37
PHASE clock_tick slot=37
PHASE clock_tick slot=37
PHASE clock_tick slot=37
PHASE clock_tick slot=37
PHASE clock_tick slot=37
PHASE clock_tick slot=37
PHASE clock_tick slot=37
PHASE clock_tick slot=37
PHASE clock_tick slot=37
PHASE clock_tick slot=37
PHASE clock_tick slot=37
PHASE clock_tick slot=37
PHASE clock_tick slot=37
PHASE clock_tick slot=37
PHASE clock_tick slot=37
PHASE clock_tick slot=37
PHASE clock_tick slot=37
PHASE clock_tick slot=37
PHASE clock_tick slot=37
PHASE clock_tick slot=37
PHASE clock_tick slot=37
PHASE clock_tick slot=37
PHASE clock_tick slot=37
PHASE clock_tick slot=37
PHASE clock_tick slot=37
PHASE clock_tick slot=37
PHASE clock_tick slot=37
PHASE clock_tick slot=37
PHASE clock_tick slot=37
PHASE clock_tick slot=37
PHASE clock_tick slot=37
PHASE clock_tick slot=37
PHASE clock_tick slot=37
PHASE clock_tick slot=37
PHASE clock_tick slot=37
PHASE clock_tick slot=37
PHASE clock_tick slot=37
PHASE clock_tick slot=37
PHASE clock_tick slot=37
PHASE clock_tick slot=37
PHASE clock_tick slot=37
PHASE clock_tick slot=37
PHASE clock_tick slot=37
PHASE clock_tick slot=37
PHASE clock_tick slot=37
PHASE clock_tick slot=37
PHASE clock_tick slot=37
PHASE clock_tick slot=37
PHASE clock_tick slot=37
PHASE clock_tick slot=37
PHASE clock_tick slot=37
PHASE clock_tick slot=37
PHASE clock_tick slot=37
PHASE clock_tick slot=37
PHASE clock_tick slot=37
PHASE clock_tick slot=37
PHASE clock_tick slot=38
PHASE clock_tick slot=38
PHASE clock_tick slot=38
PHASE clock_tick slot=38
PHASE clock_tick slot=38
PHASE clock_tick slot=38
PHASE clock_tick slot=38
PHASE clock_tick slot=38
PHASE clock_tick slot=38
PHASE clock_tick slot=38
PHASE clock_tick slot=38
PHASE clock_tick slot=38
PHASE clock_tick slot=38
PHASE clock_tick slot=38
PHASE clock_tick slot=38
PHASE clock_tick slot=38
PHASE clock_tick slot=38
PHASE clock_tick slot=38
PHASE clock_tick slot=38
PHASE clock_tick slot=38
PHASE clock_tick slot=38
PHASE clock_tick slot=38
PHASE clock_tick slot=38
PHASE clock_tick slot=38
PHASE clock_tick slot=38
PHASE clock_tick slot=38
PHASE clock_tick slot=38
PHASE clock_tick slot=38
PHASE clock_tick slot=38
PHASE clock_tick slot=38
PHASE clock_tick slot=38
PHASE clock_tick slot=38
PHASE clock_tick slot=38
PHASE clock_tick slot=38
PHASE clock_tick slot=38
PHASE clock_tick slot=38
PHASE clock_tick slot=38
PHASE clock_tick slot=38
PHASE clock_tick slot=38
PHASE clock_tick slot=38
PHASE clock_tick slot=38
PHASE clock_tick slot=38
PHASE clock_tick slot=38
PHASE clock_tick slot=38
PHASE clock_tick slot=38
PHASE clock_tick slot=38
PHASE clock_tick slot=38
PHASE clock_tick slot=38
PHASE clock_tick slot=38
PHASE clock_tick slot=38
PHASE clock_tick slot=38
PHASE clock_tick slot=38
PHASE clock_tick slot=38
PHASE clock_tick slot=38
PHASE clock_tick slot=38
PHASE clock_tick slot=38
PHASE clock_tick slot=38
PHASE clock_tick slot=38
PHASE clock_tick slot=38
PHASE clock_tick slot=38
PHASE clock_tick slot=39
PHASE clock_tick slot=39
PHASE clock_tick slot=39
PHASE clock_tick slot=39
PHASE clock_tick slot=39
PHASE clock_tick slot=39
PHASE clock_tick slot=39
PHASE clock_tick slot=39
PHASE clock_tick slot=39
PHASE clock_tick slot=39
PHASE clock_tick slot=39
PHASE clock_tick slot=39
PHASE clock_tick slot=39
PHASE clock_tick slot=39
PHASE clock_tick slot=39
PHASE clock_tick slot=39
PHASE clock_tick slot=39
PHASE clock_tick slot=39
PHASE clock_tick slot=39
PHASE clock_tick slot=39
PHASE clock_tick slot=39
PHASE clock_tick slot=39
PHASE clock_tick slot=39
PHASE clock_tick slot=39
PHASE clock_tick slot=39
PHASE clock_tick slot=39
PHASE clock_tick slot=39
PHASE clock_tick slot=39
PHASE clock_tick slot=39
PHASE clock_tick slot=39
PHASE clock_tick slot=39
PHASE clock_tick slot=39
PHASE clock_tick slot=39
PHASE clock_tick slot=39
PHASE clock_tick slot=39
PHASE clock_tick slot=39
PHASE clock_tick slot=39
PHASE clock_tick slot=39
PHASE clock_tick slot=39
PHASE clock_tick slot=39
PHASE clock_tick slot=39
PHASE clock_tick slot=39
PHASE clock_tick slot=39
PHASE clock_tick slot=39
PHASE clock_tick slot=39
PHASE clock_tick slot=39
PHASE clock_tick slot=39
PHASE clock_tick slot=39
PHASE clock_tick slot=39
PHASE clock_tick slot=39
PHASE clock_tick slot=39
PHASE clock_tick slot=39
PHASE clock_tick slot=39
PHASE clock_tick slot=39
PHASE clock_tick slot=39
PHASE clock_tick slot=39
PHASE clock_tick slot=39
PHASE clock_tick slot=39
PHASE clock_tick slot=39
PHASE clock_tick slot=39
PHASE clock_tick slot=40
PHASE clock_tick slot=40
PHASE clock_tick slot=40
PHASE clock_tick slot=40
PHASE clock_tick slot=40
PHASE clock_tick slot=40
PHASE clock_tick slot=40
PHASE clock_tick slot=40
PHASE clock_tick slot=40
PHASE clock_tick slot=40
PHASE clock_tick slot=40
PHASE clock_tick slot=40
PHASE clock_tick slot=40
PHASE clock_tick slot=40
PHASE clock_tick slot=40
PHASE clock_tick slot=40
PHASE clock_tick slot=40
PHASE clock_tick slot=40
PHASE clock_tick slot=40
PHASE clock_tick slot=40
PHASE clock_tick slot=40
PHASE clock_tick slot=40
PHASE clock_tick slot=40
PHASE clock_tick slot=40
PHASE clock_tick slot=40
PHASE clock_tick slot=40
PHASE clock_tick slot=40
PHASE clock_tick slot=40
PHASE clock_tick slot=40
PHASE clock_tick slot=40
PHASE clock_tick slot=40
PHASE clock_tick slot=40
PHASE clock_tick slot=40
PHASE clock_tick slot=40
PHASE clock_tick slot=40
PHASE clock_tick slot=40
PHASE clock_tick slot=40
PHASE clock_tick slot=40
PHASE clock_tick slot=40
PHASE clock_tick slot=40
PHASE clock_tick slot=40
PHASE clock_tick slot=40
PHASE clock_tick slot=40
PHASE clock_tick slot=40
PHASE clock_tick slot=40
PHASE clock_tick slot=40
PHASE clock_tick slot=40
PHASE clock_tick slot=40
PHASE clock_tick slot=40
PHASE clock_tick slot=40
PHASE clock_tick slot=40
PHASE clock_tick slot=40
PHASE clock_tick slot=40
PHASE clock_tick slot=40
PHASE clock_tick slot=40
PHASE clock_tick slot=40
PHASE clock_tick slot=40
PHASE clock_tick slot=40
PHASE clock_tick slot=40
PHASE clock_tick slot=40
PHASE clock_tick slot=41
PHASE clock_tick slot=41
PHASE clock_tick slot=41
PHASE clock_tick slot=41
PHASE clock_tick slot=41
PHASE clock_tick slot=41
PHASE clock_tick slot=41
PHASE clock_tick slot=41
PHASE clock_tick slot=41
PHASE clock_tick slot=41
PHASE clock_tick slot=41
PHASE clock_tick slot=41
PHASE clock_tick slot=41
PHASE clock_tick slot=41
PHASE clock_tick slot=41
PHASE clock_tick slot=41
PHASE clock_tick slot=41
PHASE clock_tick slot=41
PHASE clock_tick slot=41
PHASE clock_tick slot=41
PHASE clock_tick slot=41
PHASE clock_tick slot=41
PHASE clock_tick slot=41
PHASE clock_tick slot=41
PHASE clock_tick slot=41
PHASE clock_tick slot=41
PHASE clock_tick slot=41
PHASE clock_tick slot=41
PHASE clock_tick slot=41
PHASE clock_tick slot=41
PHASE clock_tick slot=41
PHASE clock_tick slot=41
PHASE clock_tick slot=41
PHASE clock_tick slot=41
PHASE clock_tick slot=41
PHASE clock_tick slot=41
PHASE clock_tick slot=41
PHASE clock_tick slot=41
PHASE clock_tick slot=41
PHASE clock_tick slot=41
PHASE clock_tick slot=41
PHASE clock_tick slot=41
PHASE clock_tick slot=41
PHASE clock_tick slot=41
PHASE clock_tick slot=41
PHASE clock_tick slot=41
PHASE clock_tick slot=41
PHASE clock_tick slot=41
PHASE clock_tick slot=41
PHASE clock_tick slot=41
PHASE clock_tick slot=41
PHASE clock_tick slot=41
PHASE clock_tick slot=41
PHASE clock_tick slot=41
PHASE clock_tick slot=41
PHASE clock_tick slot=41
PHASE clock_tick slot=41
PHASE clock_tick slot=41
PHASE clock_tick slot=41
PHASE clock_tick slot=41
PHASE clock_tick slot=42
PHASE clock_tick slot=42
PHASE clock_tick slot=42
PHASE clock_tick slot=42
PHASE clock_tick slot=42
PHASE clock_tick slot=42
PHASE clock_tick slot=42
PHASE clock_tick slot=42
PHASE clock_tick slot=42
PHASE clock_tick slot=42
PHASE clock_tick slot=42
PHASE clock_tick slot=42
PHASE clock_tick slot=42
PHASE clock_tick slot=42
PHASE clock_tick slot=42
PHASE clock_tick slot=42
PHASE clock_tick slot=42
PHASE clock_tick slot=42
PHASE clock_tick slot=42
PHASE clock_tick slot=42
PHASE clock_tick slot=42
PHASE clock_tick slot=42
PHASE clock_tick slot=42
PHASE clock_tick slot=42
PHASE clock_tick slot=42
PHASE clock_tick slot=42
PHASE clock_tick slot=42
PHASE clock_tick slot=42
PHASE clock_tick slot=42
PHASE clock_tick slot=42
PHASE clock_tick slot=42
PHASE clock_tick slot=42
PHASE clock_tick slot=42
PHASE clock_tick slot=42
PHASE clock_tick slot=42
PHASE clock_tick slot=42
PHASE clock_tick slot=42
PHASE clock_tick slot=42
PHASE clock_tick slot=42
PHASE clock_tick slot=42
PHASE clock_tick slot=42
PHASE clock_tick slot=42
PHASE clock_tick slot=42
PHASE clock_tick slot=42
PHASE clock_tick slot=42
PHASE clock_tick slot=42
PHASE clock_tick slot=42
PHASE clock_tick slot=42
PHASE clock_tick slot=42
PHASE clock_tick slot=42
PHASE clock_tick slot=42
PHASE clock_tick slot=42
PHASE clock_tick slot=42
PHASE clock_tick slot=42
PHASE clock_tick slot=42
PHASE clock_tick slot=42
PHASE clock_tick slot=42
PHASE clock_tick slot=42
PHASE clock_tick slot=42
PHASE clock_tick slot=42
PHASE clock_tick slot=43
PHASE clock_tick slot=43
PHASE clock_tick slot=43
PHASE clock_tick slot=43
PHASE clock_tick slot=43
PHASE clock_tick slot=43
PHASE clock_tick slot=43
PHASE clock_tick slot=43
PHASE clock_tick slot=43
PHASE clock_tick slot=43
PHASE clock_tick slot=43
PHASE clock_tick slot=43
PHASE clock_tick slot=43
PHASE clock_tick slot=43
PHASE clock_tick slot=43
PHASE clock_tick slot=43
PHASE clock_tick slot=43
PHASE clock_tick slot=43
PHASE clock_tick slot=43
PHASE clock_tick slot=43
PHASE clock_tick slot=43
PHASE clock_tick slot=43
PHASE clock_tick slot=43
PHASE clock_tick slot=43
PHASE clock_tick slot=43
PHASE clock_tick slot=43
PHASE clock_tick slot=43
PHASE clock_tick slot=43
PHASE clock_tick slot=43
PHASE clock_tick slot=43
PHASE clock_tick slot=43
PHASE clock_tick slot=43
PHASE clock_tick slot=43
PHASE clock_tick slot=43
PHASE clock_tick slot=43
PHASE clock_tick slot=43
PHASE clock_tick slot=43
PHASE clock_tick slot=43
PHASE clock_tick slot=43
PHASE clock_tick slot=43
PHASE clock_tick slot=43
PHASE clock_tick slot=43
PHASE clock_tick slot=43
PHASE clock_tick slot=43
PHASE clock_tick slot=43
PHASE clock_tick slot=43
PHASE clock_tick slot=43
PHASE clock_tick slot=43
PHASE clock_tick slot=43
PHASE clock_tick slot=43
PHASE clock_tick slot=43
PHASE clock_tick slot=43
PHASE clock_tick slot=43
PHASE clock_tick slot=43
PHASE clock_tick slot=43
PHASE clock_tick slot=43
PHASE clock_tick slot=43
PHASE clock_tick slot=43
PHASE clock_tick slot=43
PHASE clock_tick slot=43
PHASE clock_tick slot=44
PHASE clock_tick slot=44
PHASE clock_tick slot=44
PHASE clock_tick slot=44
PHASE clock_tick slot=44
PHASE clock_tick slot=44
PHASE clock_tick slot=44
PHASE clock_tick slot=44
PHASE clock_tick slot=44
PHASE clock_tick slot=44
PHASE clock_tick slot=44
PHASE clock_tick slot=44
PHASE clock_tick slot=44
PHASE clock_tick slot=44
PHASE clock_tick slot=44
PHASE clock_tick slot=44
PHASE clock_tick slot=44
PHASE clock_tick slot=44
PHASE clock_tick slot=44
PHASE clock_tick slot=44
PHASE clock_tick slot=44
PHASE clock_tick slot=44
PHASE clock_tick slot=44
PHASE clock_tick slot=44
PHASE clock_tick slot=44
PHASE clock_tick slot=44
PHASE clock_tick slot=44
PHASE clock_tick slot=44
PHASE clock_tick slot=44
PHASE clock_tick slot=44
PHASE clock_tick slot=44
PHASE clock_tick slot=44
PHASE clock_tick slot=44
PHASE clock_tick slot=44
PHASE clock_tick slot=44
PHASE clock_tick slot=44
PHASE clock_tick slot=44
PHASE clock_tick slot=44
PHASE clock_tick slot=44
PHASE clock_tick slot=44
PHASE clock_tick slot=44
PHASE clock_tick slot=44
PHASE clock_tick slot=44
PHASE clock_tick slot=44
PHASE clock_tick slot=44
PHASE clock_tick slot=44
PHASE clock_tick slot=44
PHASE clock_tick slot=44
PHASE clock_tick slot=44
PHASE clock_tick slot=44
PHASE clock_tick slot=44
PHASE clock_tick slot=44
PHASE clock_tick slot=44
PHASE clock_tick slot=44
PHASE clock_tick slot=44
PHASE clock_tick slot=44
PHASE clock_tick slot=44
PHASE clock_tick slot=44
PHASE clock_tick slot=44
PHASE clock_tick slot=44
PHASE clock_tick slot=45
PHASE clock_tick slot=45
PHASE clock_tick slot=45
PHASE clock_tick slot=45
PHASE clock_tick slot=45
PHASE clock_tick slot=45
PHASE clock_tick slot=45
PHASE clock_tick slot=45
PHASE clock_tick slot=45
PHASE clock_tick slot=45
PHASE clock_tick slot=45
PHASE clock_tick slot=45
PHASE clock_tick slot=45
PHASE clock_tick slot=45
PHASE clock_tick slot=45
PHASE clock_tick slot=45
PHASE clock_tick slot=45
PHASE clock_tick slot=45
PHASE clock_tick slot=45
PHASE clock_tick slot=45
PHASE clock_tick slot=45
PHASE clock_tick slot=45
PHASE clock_tick slot=45
PHASE clock_tick slot=45
PHASE clock_tick slot=45
PHASE clock_tick slot=45
PHASE clock_tick slot=45
PHASE clock_tick slot=45
PHASE clock_tick slot=45
PHASE clock_tick slot=45
PHASE clock_tick slot=45
PHASE clock_tick slot=45
PHASE clock_tick slot=45
PHASE clock_tick slot=45
PHASE clock_tick slot=45
PHASE clock_tick slot=45
PHASE clock_tick slot=45
PHASE clock_tick slot=45
PHASE clock_tick slot=45
PHASE clock_tick slot=45
PHASE clock_tick slot=45
PHASE clock_tick slot=45
PHASE clock_tick slot=45
PHASE clock_tick slot=45
PHASE clock_tick slot=45
PHASE clock_tick slot=45
PHASE clock_tick slot=45
PHASE clock_tick slot=45
PHASE clock_tick slot=45
PHASE clock_tick slot=45
PHASE clock_tick slot=45
PHASE clock_tick slot=45
PHASE clock_tick slot=45
PHASE clock_tick slot=45
PHASE clock_tick slot=45
PHASE clock_tick slot=45
PHASE clock_tick slot=45
PHASE clock_tick slot=45
PHASE clock_tick slot=45
PHASE clock_tick slot=45
PHASE clock_tick slot=46
PHASE clock_tick slot=46
PHASE clock_tick slot=46
PHASE clock_tick slot=46
PHASE clock_tick slot=46
PHASE clock_tick slot=46
PHASE clock_tick slot=46
PHASE clock_tick slot=46
PHASE clock_tick slot=46
PHASE clock_tick slot=46
